[16:17:09] [ServerMain/WARN]: Did not find udev library in operating system. Some features may not work.
[16:17:12] [ServerMain/ERROR]: Failed to load properties from file: server.properties
java.nio.file.NoSuchFileException: server.properties
	at java.base/sun.nio.fs.UnixException.translateToIOException(UnixException.java:92) ~[?:?]
	at java.base/sun.nio.fs.UnixException.rethrowAsIOException(UnixException.java:106) ~[?:?]
	at java.base/sun.nio.fs.UnixException.rethrowAsIOException(UnixException.java:111) ~[?:?]
	at java.base/sun.nio.fs.UnixFileSystemProvider.newFileChannel(UnixFileSystemProvider.java:213) ~[?:?]
	at java.base/sun.nio.fs.UnixFileSystemProvider.newByteChannel(UnixFileSystemProvider.java:244) ~[?:?]
	at java.base/java.nio.file.Files.newByteChannel(Files.java:357) ~[?:?]
	at java.base/java.nio.file.Files.newByteChannel(Files.java:399) ~[?:?]
	at java.base/java.nio.file.spi.FileSystemProvider.newInputStream(FileSystemProvider.java:371) ~[?:?]
	at java.base/java.nio.file.Files.newInputStream(Files.java:154) ~[?:?]
	at apr.b(SourceFile:62) [server-1.21.1.jar:?]
	at apo.a(SourceFile:141) [server-1.21.1.jar:?]
	at app.<init>(SourceFile:12) [server-1.21.1.jar:?]
	at net.minecraft.server.Main.main(SourceFile:114) [server-1.21.1.jar:?]
	at net.minecraft.bundler.Main.lambda$run$0(Main.java:54) [server.jar:?]
	at java.base/java.lang.Thread.run(Thread.java:1474) [?:?]
[16:17:12] [ServerMain/WARN]: Failed to load eula.txt
[16:17:12] [ServerMain/INFO]: You need to agree to the EULA in order to run the server. Go to eula.txt for more info.
